
> guitarmate-miniprogram@1.0.0 build:h5
> taro build --type h5

👽 Taro v4.2.1

Tips:
1. 建议开启持久化缓存功能，能有效提升二次编译速度，详情请参考: https://docs.taro.zone/docs/config-detail#cache。




● Webpack █████████████████████████  (0%)  
 

- 即将开始启动编译，请稍等~
[2K[1A[2K[1A[2K[1A[2K[1A[2K[1A[2K[G
● Webpack █████████████████████████ building (10%) 0/1 entries 1/1 dependencie
s 0/1 modules 1 active 
 babel-loader › src\app.config.ts

- 即将开始启动编译，请稍等~
[2K[1A[2K[1A[2K[1A[2K[1A[2K[1A[2K[1A[2K[G
● Webpack █████████████████████████ building (10%)  
 import loader .\node_modules\babel-loader\lib\index.js

- 即将开始启动编译，请稍等~
[2K[1A[2K[1A[2K[1A[2K[1A[2K[1A[2K[G
● Webpack █████████████████████████ building (10%)  
 import loader .\node_modules\@tarojs\taro-loader\lib\h5.js

- 即将开始启动编译，请稍等~
[2K[1A[2K[1A[2K[1A[2K[1A[2K[1A[2K[G
● Webpack █████████████████████████ building (10%) 0/1 entries 1/2 dependencie
s 0/1 modules 1 active 
 babel-loader › src\app.config.ts

- 即将开始启动编译，请稍等~
[2K[1A[2K[1A[2K[1A[2K[1A[2K[1A[2K[1A[2K[G
● Webpack █████████████████████████ building (10%) 0/1 entries 11/18 dependenc
ies 0/11 modules 10 active 
 node_modules\react-dom\index.js

- 即将开始启动编译，请稍等~
[2K[1A[2K[1A[2K[1A[2K[1A[2K[1A[2K[1A[2K[G
● Webpack █████████████████████████ building (10%) 0/1 entries 14/20 dependenc
ies 0/13 modules 13 active 
 babel-loader › node_modules\@tarojs\runtime\dist\index.js

- 即将开始启动编译，请稍等~
[2K[1A[2K[1A[2K[1A[2K[1A[2K[1A[2K[1A[2K[G
● Webpack █████████████████████████ building (10%) 0/1 entries 61/80 dependenc
ies 1/29 modules 27 active 
 babel-loader › node_modules\@tarojs\components\lib\react\index.js

- 即将开始启动编译，请稍等~
[2K[1A[2K[1A[2K[1A[2K[1A[2K[1A[2K[1A[2K[G
● Webpack █████████████████████████ building (10%) 0/1 entries 61/80 dependenc
ies 1/29 modules 28 active 
 style-loader › css-loader › node_modules\@tarojs\components\global.css

- 即将开始启动编译，请稍等~
[2K[1A[2K[1A[2K[1A[2K[1A[2K[1A[2K[1A[2K[G
● Webpack █████████████████████████ building (10%) 0/1 entries 62/130 dependen
cies 1/30 modules 29 active 
 babel-loader › node_modules\@tarojs\components\dist\components\index.js

- 即将开始启动编译，请稍等~
[2K[1A[2K[1A[2K[1A[2K[1A[2K[1A[2K[1A[2K[G
● Webpack █████████████████████████ building (10%) 0/1 entries 63/148 dependen
cies 2/31 modules 28 active 
 babel-loader › node_modules\@tarojs\components\dist\components\index.js

- 即将开始启动编译，请稍等~
[2K[1A[2K[1A[2K[1A[2K[1A[2K[1A[2K[1A[2K[G
● Webpack █████████████████████████ building (10%) 0/1 entries 95/151 dependen
cies 3/46 modules 29 active 
 css-loader › postcss-loader › src\tailwind.css

- 即将开始启动编译，请稍等~
[2K[1A[2K[1A[2K[1A[2K[1A[2K[1A[2K[1A[2K[G
● Webpack █████████████████████████ building (10%)  
 import loader .\node_modules\sass-loader\dist\cjs.js

- 即将开始启动编译，请稍等~
[2K[1A[2K[1A[2K[1A[2K[1A[2K[1A[2K[G
● Webpack █████████████████████████ building (10%) 0/1 entries 170/180 depende
ncies 4/97 modules 93 active 
 babel-loader › src\utils\pitchDetect.ts

- 即将开始启动编译，请稍等~
[2K[1A[2K[1A[2K[1A[2K[1A[2K[1A[2K[1A[2K[G
● Webpack █████████████████████████ building (10%) 0/1 entries 193/319 depende
ncies 7/100 modules 90 active 
 babel-loader › src\utils\pitchDetect.ts

- 即将开始启动编译，请稍等~
[2K[1A[2K[1A[2K[1A[2K[1A[2K[1A[2K[1A[2K[G
● Webpack █████████████████████████ building (10%) 0/1 entries 459/539 depende
ncies 22/217 modules 76 active 
 ...armate-miniprogram\node_modules\@tarojs\plugin-platform-h5\dist\definition
.json

- 即将开始启动编译，请稍等~
[2K[1A[2K[1A[2K[1A[2K[1A[2K[1A[2K[1A[2K[1A[2K[G
● Webpack █████████████████████████ building (10%) 0/1 entries 542/700 depende
ncies 32/245 modules 145 active 
 ...ader › node_modules\@tarojs\components\dist\components\taro-root-portal-co
re.js

- 即将开始启动编译，请稍等~
[2K[1A[2K[1A[2K[1A[2K[1A[2K[1A[2K[1A[2K[1A[2K[G
● Webpack █████████████████████████ building (10%) 0/1 entries 583/900 depende
ncies 32/247 modules 145 active 
 ...ader › node_modules\@tarojs\components\dist\components\taro-root-portal-co
re.js

- 即将开始启动编译，请稍等~
[2K[1A[2K[1A[2K[1A[2K[1A[2K[1A[2K[1A[2K[1A[2K[G
● Webpack █████████████████████████ building (10%) 0/1 entries 910/993 depende
ncies 36/256 modules 142 active 
 ...bel-loader › node_modules\@tarojs\components\dist\components\taro-radio-co
re.js

- 即将开始启动编译，请稍等~
[2K[1A[2K[1A[2K[1A[2K[1A[2K[1A[2K[1A[2K[1A[2K[G
● Webpack █████████████████████████ building (10%) 0/1 entries 1071/1145 depen
dencies 36/269 modules 167 active 
 ...bel-loader › node_modules\@tarojs\components\dist\components\taro-video-co
re.js

- 即将开始启动编译，请稍等~
[2K[1A[2K[1A[2K[1A[2K[1A[2K[1A[2K[1A[2K[1A[2K[G
● Webpack █████████████████████████ building (10%) 0/1 entries 1193/1270 depen
dencies 40/269 modules 229 active 
 node_modules\@stencil\core\internal\client\index.js

- 即将开始启动编译，请稍等~
[2K[1A[2K[1A[2K[1A[2K[1A[2K[1A[2K[1A[2K[G
● Webpack █████████████████████████ building (10%) 0/1 entries 1253/1329 depen
dencies 74/270 modules 196 active 
 ...WNpcmNsZQR3YXJuC2luZm8tY2lyY2xlBmNhbmNlbAZzZWFyY2gFY2xlYXIEYmFjawZkZWxldGU
AAAAA

- 即将开始启动编译，请稍等~
[2K[1A[2K[1A[2K[1A[2K[1A[2K[1A[2K[1A[2K[1A[2K[G
● Webpack █████████████████████████ building (11%) 0/1 entries 1319/1333 depen
dencies 96/292 modules 195 active 
 babel-loader › node_modules\@tarojs\router\dist\events\resize.js

- 即将开始启动编译，请稍等~
[2K[1A[2K[1A[2K[1A[2K[1A[2K[1A[2K[1A[2K[G
● Webpack █████████████████████████ building (11%) 0/1 entries 1501/1557 depen
dencies 135/433 modules 158 active 
 ... \.entry\.js$\|exclude: \.system\.entry\.js$\|groupOptions: {}|namespace o
bject

- 即将开始启动编译，请稍等~
[2K[1A[2K[1A[2K[1A[2K[1A[2K[1A[2K[1A[2K[1A[2K[G
● Webpack █████████████████████████ building (11%) 0/1 entries 1639/1700 depen
dencies 150/471 modules 234 active 
 babel-loader › node_modules\@tarojs\taro-h5\dist\api\network\mdns.js

- 即将开始启动编译，请稍等~
[2K[1A[2K[1A[2K[1A[2K[1A[2K[1A[2K[1A[2K[G
● Webpack █████████████████████████ building (11%) 0/1 entries 1759/1804 depen
dencies 150/474 modules 235 active 
 ...r › node_modules\@tarojs\taro-h5\dist\api\media\video\saveVideoToPhotosAlb
um.js

- 即将开始启动编译，请稍等~
[2K[1A[2K[1A[2K[1A[2K[1A[2K[1A[2K[1A[2K[1A[2K[G
● Webpack █████████████████████████ building (12%) 0/1 entries 1870/1959 depen
dencies 186/500 modules 279 active 
 ...\guitar\guitarmate-miniprogram\node_modules\swiper\modules\effect-coverflo
w.mjs

- 即将开始启动编译，请稍等~
[2K[1A[2K[1A[2K[1A[2K[1A[2K[1A[2K[1A[2K[1A[2K[G
● Webpack █████████████████████████ building (12%) 0/1 entries 2045/2075 depen
dencies 255/535 modules 261 active 
 ...t\esm|d:\djc\guitar\guitarmate-miniprogram\node_modules\lodash-es\isFuncti
on.js

- 即将开始启动编译，请稍等~
[2K[1A[2K[1A[2K[1A[2K[1A[2K[1A[2K[1A[2K[1A[2K[G
● Webpack █████████████████████████ building (14%) 0/1 entries 2126/2159 depen
dencies 406/577 modules 170 active 
 node_modules\platform\platform.js

- 即将开始启动编译，请稍等~
[2K[1A[2K[1A[2K[1A[2K[1A[2K[1A[2K[1A[2K[G
● Webpack █████████████████████████ building (14%) 0/1 entries 2180/2187 depen
dencies 432/599 modules 160 active 
 ...d:\djc\guitar\guitarmate-miniprogram\node_modules\lodash-es\_trimmedEndInd
ex.js

- 即将开始启动编译，请稍等~
[2K[1A[2K[1A[2K[1A[2K[1A[2K[1A[2K[1A[2K[1A[2K[G
● Webpack █████████████████████████ building (15%) 0/1 entries 2200/2212 depen
dencies 461/612 modules 149 active 
 ...\esm|d:\djc\guitar\guitarmate-miniprogram\node_modules\lodash-es\_coreJsDa
ta.js

- 即将开始启动编译，请稍等~
[2K[1A[2K[1A[2K[1A[2K[1A[2K[1A[2K[1A[2K[1A[2K[G
● Webpack █████████████████████████ building (15%) 0/1 entries 2214/2220 depen
dencies 488/614 modules 126 active 
 babel-loader › node_modules\@tarojs\api\dist\interceptor\chain.js

- 即将开始启动编译，请稍等~
[2K[1A[2K[1A[2K[1A[2K[1A[2K[1A[2K[1A[2K[G
● Webpack █████████████████████████ building (16%) 0/1 entries 2229/2232 depen
dencies 594/622 modules 28 active 
 node_modules\ics\dist\defaults.js

- 即将开始启动编译，请稍等~
[2K[1A[2K[1A[2K[1A[2K[1A[2K[1A[2K[1A[2K[G
● Webpack █████████████████████████ building (16%) 0/1 entries 2233/2234 depen
dencies 601/625 modules 24 active 
 node_modules\ics\dist\schema\index.js

- 即将开始启动编译，请稍等~
[2K[1A[2K[1A[2K[1A[2K[1A[2K[1A[2K[1A[2K[G
● Webpack █████████████████████████ building (16%) 0/1 entries 2244/2246 depen
dencies 601/636 modules 25 active 
 node_modules\ics\dist\utils\set-geolocation.js

- 即将开始启动编译，请稍等~
[2K[1A[2K[1A[2K[1A[2K[1A[2K[1A[2K[1A[2K[G
● Webpack █████████████████████████ building (16%) 0/1 entries 2249/2255 depen
dencies 606/636 modules 30 active 
 node_modules\ics\dist\utils\set-location.js

- 即将开始启动编译，请稍等~
[2K[1A[2K[1A[2K[1A[2K[1A[2K[1A[2K[1A[2K[G
● Webpack █████████████████████████ building (16%) 0/1 entries 2250/2255 depen
dencies 608/637 modules 29 active 
 ...t\esm|d:\djc\guitar\guitarmate-miniprogram\node_modules\nanoid\index.brows
er.js

- 即将开始启动编译，请稍等~
[2K[1A[2K[1A[2K[1A[2K[1A[2K[1A[2K[1A[2K[1A[2K[G
● Webpack █████████████████████████ building (16%) 0/1 entries 2253/2255 depen
dencies 608/638 modules 30 active 
 node_modules\ics\dist\utils\format-text.js

- 即将开始启动编译，请稍等~
[2K[1A[2K[1A[2K[1A[2K[1A[2K[1A[2K[1A[2K[G
● Webpack █████████████████████████ building (16%) 0/1 entries 2254/2256 depen
dencies 609/639 modules 29 active 
 ...t\esm|d:\djc\guitar\guitarmate-miniprogram\node_modules\nanoid\index.brows
er.js

- 即将开始启动编译，请稍等~
[2K[1A[2K[1A[2K[1A[2K[1A[2K[1A[2K[1A[2K[1A[2K[G
● Webpack █████████████████████████ building (16%) 0/1 entries 2255/2259 depen
dencies 612/640 modules 28 active 
 ...|d:\djc\guitar\guitarmate-miniprogram\node_modules\nanoid\url-alphabet\ind
ex.js

- 即将开始启动编译，请稍等~
[2K[1A[2K[1A[2K[1A[2K[1A[2K[1A[2K[1A[2K[1A[2K[G
● Webpack █████████████████████████ building (17%) 0/1 entries 2269/2269 depen
dencies 643/646 modules 3 active 
 css-loader › postcss-loader › src\tailwind.css

- 即将开始启动编译，请稍等~
[2K[1A[2K[1A[2K[1A[2K[1A[2K[1A[2K[1A[2K[G
● Webpack █████████████████████████ sealing (70%) finish module graph 
 InnerGraphPlugin

- 即将开始启动编译，请稍等~
[2K[1A[2K[1A[2K[1A[2K[1A[2K[1A[2K[G
● Webpack █████████████████████████ sealing (73%)  
 after chunk graph

- 即将开始启动编译，请稍等~
[2K[1A[2K[1A[2K[1A[2K[1A[2K[1A[2K[G
● Webpack █████████████████████████ sealing (80%)  
 module ids

- 即将开始启动编译，请稍等~
[2K[1A[2K[1A[2K[1A[2K[1A[2K[1A[2K[G
● Webpack █████████████████████████ sealing (88%)  
 runtime requirements

- 即将开始启动编译，请稍等~
[2K[1A[2K[1A[2K[1A[2K[1A[2K[1A[2K[G
● Webpack █████████████████████████ sealing (92%) asset processing 
 CssMinimizerPlugin

- 即将开始启动编译，请稍等~
[2K[1A[2K[1A[2K[1A[2K[1A[2K[1A[2K[G
● Webpack █████████████████████████ sealing (92%) asset processing 
 HtmlWebpackPlugin

- 即将开始启动编译，请稍等~
[2K[1A[2K[1A[2K[1A[2K[1A[2K[1A[2K[G
● Webpack █████████████████████████ sealing (92%) asset processing 
 RealContentHashPlugin

- 即将开始启动编译，请稍等~
[2K[1A[2K[1A[2K[1A[2K[1A[2K[1A[2K[G
✔ Webpack
  Compiled successfully in 29.02s

- 即将开始启动编译，请稍等~
⚠️ Warnings: 

EntrypointsOverSizeLimitWarning: entrypoint size limit: The following entrypoint(s) combined asset size exceeds the recommended limit (244 KiB). This can impact web performance.
Entrypoints:
  app (342 KiB)
      js/542.js
      css/app.css
      js/app.js

⚠️  编译警告. 2026/9/26 17:35:20

EntrypointsOverSizeLimitWarning: entrypoint size limit: The following entrypoint(s) combined asset size exceeds the recommended limit (244 KiB). This can impact web performance.
Entrypoints:
  app (342 KiB)
      js/542.js
      css/app.css
      js/app.js

assets by path [1m[32mchunk/*.js[39m[22m 574 KiB
  asset [1m[32mchunk/149.js[39m[22m 137 KiB [1m[32m[emitted][39m[22m [1m[32m[minimized][39m[22m 1 related asset
  asset [1m[32mchunk/516.js[39m[22m 102 KiB [1m[32m[emitted][39m[22m [1m[32m[minimized][39m[22m 1 related asset
  asset [1m[32mchunk/76.js[39m[22m 95.2 KiB [1m[32m[emitted][39m[22m [1m[32m[minimized][39m[22m 1 related asset
  asset [1m[32mchunk/808.js[39m[22m 91.1 KiB [1m[32m[emitted][39m[22m [1m[32m[minimized][39m[22m 1 related asset
  asset [1m[32mchunk/188.js[39m[22m 88 KiB [1m[32m[emitted][39m[22m [1m[32m[minimized][39m[22m 1 related asset
  asset [1m[32mchunk/424.js[39m[22m 55.5 KiB [1m[32m[emitted][39m[22m [1m[32m[minimized][39m[22m 1 related asset
  asset [1m[32mchunk/169.js[39m[22m 4.91 KiB [1m[32m[emitted][39m[22m [1m[32m[minimized][39m[22m 1 related asset
assets by path [1m[32mjs/*.js[39m[22m 304 KiB
  asset [1m[32mjs/app.js[39m[22m 205 KiB [1m[32m[emitted][39m[22m [1m[32m[minimized][39m[22m (name: app) 1 related asset
  asset [1m[32mjs/542.js[39m[22m 99.7 KiB [1m[32m[emitted][39m[22m [1m[32m[minimized][39m[22m (id hint: taro) 1 related asset
asset [1m[32mcss/app.css[39m[22m 37.7 KiB [1m[32m[emitted][39m[22m [1m[32m[minimized][39m[22m (name: app)
asset [1m[32mindex.html[39m[22m 865 bytes [1m[32m[emitted][39m[22m
Entrypoint [1mapp[39m[22m [1m[33m[big][39m[22m 342 KiB = [1m[32mjs/542.js[39m[22m 99.7 KiB [1m[32mcss/app.css[39m[22m 37.7 KiB [1m[32mjs/app.js[39m[22m 205 KiB

[1m[33mWARNING[39m[22m in [1mentrypoint size limit: The following entrypoint(s) combined asset size exceeds the recommended limit (244 KiB). This can impact web performance.
Entrypoints:
  app (342 KiB)
      js/542.js
      css/app.css
      js/app.js
[39m[22m

webpack 5.91.0 compiled with [1m[33m1 warning[39m[22m in 29033 ms

